// Jest Snapshot v1, https://goo.gl/fbAQLP

exports[`App should match the snapshot with all data passed in correctly 1`] = `
<div
  className="App"
>
  <Menu
    changeState={[Function]}
  />
  <div
    className="wrapper--news"
  >
    <SearchForm
      searchArticles={[Function]}
    />
    <NewsContainer
      displayedArticles={Array []}
    />
  </div>
</div>
`;
